day,infected,R eff
1,1,0
2,1,0
3,2,0
4,3,0
5,4,0
6,8,0
7,19,19
8,28,14
9,45,15
10,59,14.75