day,infected,R eff
1,1,0
2,1,0
3,2,0
4,3,0
5,4,0
6,8,0
7,20,20
8,32,16
9,51,17
10,66,16.5